Archive member included to satisfy reference by file (symbol)

/usr/bin/gcc-arm-none-eabi-9-2020-q2-update/bin/../lib/gcc/arm-none-eabi/9.3.1/thumb/v7-m/nofp/libgcc.a(unwind-arm.o)
                              ./system/src/newlib/_cxx.o (__aeabi_unwind_cpp_pr1)
/usr/bin/gcc-arm-none-eabi-9-2020-q2-update/bin/../lib/gcc/arm-none-eabi/9.3.1/thumb/v7-m/nofp/libgcc.a(libunwind.o)
                              /usr/bin/gcc-arm-none-eabi-9-2020-q2-update/bin/../lib/gcc/arm-none-eabi/9.3.1/thumb/v7-m/nofp/libgcc.a(unwind-arm.o) (restore_core_regs)
/usr/bin/gcc-arm-none-eabi-9-2020-q2-update/bin/../lib/gcc/arm-none-eabi/9.3.1/thumb/v7-m/nofp/libgcc.a(pr-support.o)
                              /usr/bin/gcc-arm-none-eabi-9-2020-q2-update/bin/../lib/gcc/arm-none-eabi/9.3.1/thumb/v7-m/nofp/libgcc.a(unwind-arm.o) (__gnu_unwind_execute)
/usr/bin/gcc-arm-none-eabi-9-2020-q2-update/bin/../lib/gcc/arm-none-eabi/9.3.1/../../../../arm-none-eabi/lib/thumb/v7-m/nofp/libg_nano.a(lib_a-errno.o)
                              ./system/src/newlib/_sbrk.o (__errno)
/usr/bin/gcc-arm-none-eabi-9-2020-q2-update/bin/../lib/gcc/arm-none-eabi/9.3.1/../../../../arm-none-eabi/lib/thumb/v7-m/nofp/libg_nano.a(lib_a-impure.o)
                              /usr/bin/gcc-arm-none-eabi-9-2020-q2-update/bin/../lib/gcc/arm-none-eabi/9.3.1/../../../../arm-none-eabi/lib/thumb/v7-m/nofp/libg_nano.a(lib_a-errno.o) (_impure_ptr)
/usr/bin/gcc-arm-none-eabi-9-2020-q2-update/bin/../lib/gcc/arm-none-eabi/9.3.1/../../../../arm-none-eabi/lib/thumb/v7-m/nofp/libg_nano.a(lib_a-init.o)
                              ./system/src/cmsis/startup_stm32f103xb.o (__libc_init_array)
/usr/bin/gcc-arm-none-eabi-9-2020-q2-update/bin/../lib/gcc/arm-none-eabi/9.3.1/../../../../arm-none-eabi/lib/thumb/v7-m/nofp/libg_nano.a(lib_a-memcpy-stub.o)
                              /usr/bin/gcc-arm-none-eabi-9-2020-q2-update/bin/../lib/gcc/arm-none-eabi/9.3.1/thumb/v7-m/nofp/libgcc.a(unwind-arm.o) (memcpy)
/usr/bin/gcc-arm-none-eabi-9-2020-q2-update/bin/../lib/gcc/arm-none-eabi/9.3.1/../../../../arm-none-eabi/lib/thumb/v7-m/nofp/libg_nano.a(lib_a-strlen.o)
                              ./system/src/diag/Trace.o (strlen)
/usr/bin/gcc-arm-none-eabi-9-2020-q2-update/bin/../lib/gcc/arm-none-eabi/9.3.1/../../../../arm-none-eabi/lib/thumb/v7-m/nofp/libg_nano.a(lib_a-vsnprintf.o)
                              ./system/src/diag/Trace.o (vsnprintf)
/usr/bin/gcc-arm-none-eabi-9-2020-q2-update/bin/../lib/gcc/arm-none-eabi/9.3.1/../../../../arm-none-eabi/lib/thumb/v7-m/nofp/libg_nano.a(lib_a-nano-svfprintf.o)
                              /usr/bin/gcc-arm-none-eabi-9-2020-q2-update/bin/../lib/gcc/arm-none-eabi/9.3.1/../../../../arm-none-eabi/lib/thumb/v7-m/nofp/libg_nano.a(lib_a-vsnprintf.o) (_svfprintf_r)
/usr/bin/gcc-arm-none-eabi-9-2020-q2-update/bin/../lib/gcc/arm-none-eabi/9.3.1/../../../../arm-none-eabi/lib/thumb/v7-m/nofp/libg_nano.a(lib_a-nano-vfprintf_i.o)
                              /usr/bin/gcc-arm-none-eabi-9-2020-q2-update/bin/../lib/gcc/arm-none-eabi/9.3.1/../../../../arm-none-eabi/lib/thumb/v7-m/nofp/libg_nano.a(lib_a-nano-svfprintf.o) (_printf_i)
/usr/bin/gcc-arm-none-eabi-9-2020-q2-update/bin/../lib/gcc/arm-none-eabi/9.3.1/../../../../arm-none-eabi/lib/thumb/v7-m/nofp/libg_nano.a(lib_a-memchr-stub.o)
                              /usr/bin/gcc-arm-none-eabi-9-2020-q2-update/bin/../lib/gcc/arm-none-eabi/9.3.1/../../../../arm-none-eabi/lib/thumb/v7-m/nofp/libg_nano.a(lib_a-nano-svfprintf.o) (memchr)
/usr/bin/gcc-arm-none-eabi-9-2020-q2-update/bin/../lib/gcc/arm-none-eabi/9.3.1/../../../../arm-none-eabi/lib/thumb/v7-m/nofp/libg_nano.a(lib_a-memmove.o)
                              /usr/bin/gcc-arm-none-eabi-9-2020-q2-update/bin/../lib/gcc/arm-none-eabi/9.3.1/../../../../arm-none-eabi/lib/thumb/v7-m/nofp/libg_nano.a(lib_a-nano-svfprintf.o) (memmove)
/usr/bin/gcc-arm-none-eabi-9-2020-q2-update/bin/../lib/gcc/arm-none-eabi/9.3.1/../../../../arm-none-eabi/lib/thumb/v7-m/nofp/libg_nano.a(lib_a-nano-freer.o)
                              /usr/bin/gcc-arm-none-eabi-9-2020-q2-update/bin/../lib/gcc/arm-none-eabi/9.3.1/../../../../arm-none-eabi/lib/thumb/v7-m/nofp/libg_nano.a(lib_a-nano-svfprintf.o) (_free_r)
/usr/bin/gcc-arm-none-eabi-9-2020-q2-update/bin/../lib/gcc/arm-none-eabi/9.3.1/../../../../arm-none-eabi/lib/thumb/v7-m/nofp/libg_nano.a(lib_a-nano-mallocr.o)
                              /usr/bin/gcc-arm-none-eabi-9-2020-q2-update/bin/../lib/gcc/arm-none-eabi/9.3.1/../../../../arm-none-eabi/lib/thumb/v7-m/nofp/libg_nano.a(lib_a-nano-svfprintf.o) (_malloc_r)
/usr/bin/gcc-arm-none-eabi-9-2020-q2-update/bin/../lib/gcc/arm-none-eabi/9.3.1/../../../../arm-none-eabi/lib/thumb/v7-m/nofp/libg_nano.a(lib_a-nano-reallocr.o)
                              /usr/bin/gcc-arm-none-eabi-9-2020-q2-update/bin/../lib/gcc/arm-none-eabi/9.3.1/../../../../arm-none-eabi/lib/thumb/v7-m/nofp/libg_nano.a(lib_a-nano-svfprintf.o) (_realloc_r)
[...]
Memory Configuration

Name             Origin             Length             Attributes
FLASH            0x0000000008000000 0x0000000000020000 xr
RAM              0x0000000020000000 0x0000000000005000 xrw
CCMRAM           0x0000000010000000 0x0000000000000000 xrw
FLASHB1          0x0000000000000000 0x0000000000000000 xr
EXTMEMB0         0x0000000000000000 0x0000000000000000 xr
EXTMEMB1         0x0000000000000000 0x0000000000000000 xr
EXTMEMB2         0x0000000000000000 0x0000000000000000 xr
EXTMEMB3         0x0000000000000000 0x0000000000000000 xr
*default*        0x0000000000000000 0xffffffffffffffff

Linker script and memory map

LOAD ./system/src/stm32f1xx/stm32f1xx_hal.o
LOAD ./system/src/stm32f1xx/stm32f1xx_hal_cortex.o
LOAD ./system/src/stm32f1xx/stm32f1xx_hal_dma.o
LOAD ./system/src/stm32f1xx/stm32f1xx_hal_flash.o
LOAD ./system/src/stm32f1xx/stm32f1xx_hal_flash_ex.o
LOAD ./system/src/stm32f1xx/stm32f1xx_hal_gpio.o
LOAD ./system/src/stm32f1xx/stm32f1xx_hal_gpio_ex.o
LOAD ./system/src/stm32f1xx/stm32f1xx_hal_pwr.o
LOAD ./system/src/stm32f1xx/stm32f1xx_hal_rcc.o
LOAD ./system/src/stm32f1xx/stm32f1xx_hal_rcc_ex.o
LOAD ./system/src/stm32f1xx/stm32f1xx_hal_tim.o
LOAD ./system/src/stm32f1xx/stm32f1xx_hal_tim_ex.o
LOAD ./system/src/newlib/_cxx.o
LOAD ./system/src/newlib/_exit.o
LOAD ./system/src/newlib/_sbrk.o
LOAD ./system/src/newlib/_startup.o
LOAD ./system/src/newlib/_syscalls.o
LOAD ./system/src/newlib/assert.o
LOAD ./system/src/diag/Trace.o
LOAD ./system/src/diag/trace_impl.o
LOAD ./system/src/cortexm/_initialize_hardware.o
LOAD ./system/src/cortexm/_reset_hardware.o
LOAD ./system/src/cortexm/exception_handlers.o
LOAD ./system/src/cmsis/startup_stm32f103xb.o
LOAD ./system/src/cmsis/system_stm32f1xx.o
LOAD ./system/src/cmsis/vectors_stm32f1xx.o
LOAD ./src/Timer.o
LOAD ./src/_write.o
LOAD ./src/main.o
LOAD /usr/bin/gcc-arm-none-eabi-9-2020-q2-update/bin/../lib/gcc/arm-none-eabi/9.3.1/../../../../arm-none-eabi/lib/thumb/v7-m/nofp/libstdc++_nano.a
LOAD /usr/bin/gcc-arm-none-eabi-9-2020-q2-update/bin/../lib/gcc/arm-none-eabi/9.3.1/../../../../arm-none-eabi/lib/thumb/v7-m/nofp/libm.a
START GROUP
LOAD /usr/bin/gcc-arm-none-eabi-9-2020-q2-update/bin/../lib/gcc/arm-none-eabi/9.3.1/thumb/v7-m/nofp/libgcc.a
LOAD /usr/bin/gcc-arm-none-eabi-9-2020-q2-update/bin/../lib/gcc/arm-none-eabi/9.3.1/../../../../arm-none-eabi/lib/thumb/v7-m/nofp/libg_nano.a
LOAD /usr/bin/gcc-arm-none-eabi-9-2020-q2-update/bin/../lib/gcc/arm-none-eabi/9.3.1/../../../../arm-none-eabi/lib/thumb/v7-m/nofp/libc_nano.a
END GROUP
START GROUP
LOAD /usr/bin/gcc-arm-none-eabi-9-2020-q2-update/bin/../lib/gcc/arm-none-eabi/9.3.1/thumb/v7-m/nofp/libgcc.a
LOAD /usr/bin/gcc-arm-none-eabi-9-2020-q2-update/bin/../lib/gcc/arm-none-eabi/9.3.1/../../../../arm-none-eabi/lib/thumb/v7-m/nofp/libc_nano.a
END GROUP
                0x0000000020005000                __stack = (ORIGIN (RAM) + LENGTH (RAM))
                0x0000000020005000                _estack = __stack
                0x0000000000000400                __Main_Stack_Size = 0x400
                [!provide]                        PROVIDE (_Main_Stack_Size = __Main_Stack_Size)
                0x0000000020004c00                __Main_Stack_Limit = (__stack - __Main_Stack_Size)
                [!provide]                        PROVIDE (_Main_Stack_Limit = __Main_Stack_Limit)
                0x0000000000000100                _Minimum_Stack_Size = 0x100
                0x0000000020000124                PROVIDE (_Heap_Begin = _end_noinit)
                0x0000000020004c00                PROVIDE (_Heap_Limit = (__stack - __Main_Stack_Size))

.isr_vector     0x0000000008000000      0x392
 FILL mask 0xff
                0x0000000008000000                __vectors_start = ABSOLUTE (.)
                0x0000000008000000                __vectors_start__ = ABSOLUTE (.)
 *(.isr_vector)
 .isr_vector    0x0000000008000000      0x10c ./system/src/cmsis/startup_stm32f103xb.o
                0x0000000008000000                g_pfnVectors
 .isr_vector    0x000000000800010c       0x44 ./system/src/cmsis/vectors_stm32f1xx.o
                0x000000000800010c                __isr_vectors
 *(.cfmconfig)
 *(.after_vectors .after_vectors.*)
 .after_vectors
                0x0000000008000150      0x114 ./system/src/newlib/_startup.o
                0x0000000008000150                _start
 .after_vectors
                0x0000000008000264      0x12c ./system/src/cortexm/exception_handlers.o
                0x0000000008000264                Reset_Handler
                0x000000000800026a                NMI_Handler
                0x000000000800026e                HardFault_Handler
                0x0000000008000282                HardFault_Handler_C
                0x00000000080002e0                MemManage_Handler
                0x00000000080002e4                BusFault_Handler
                0x00000000080002f8                BusFault_Handler_C
                0x000000000800032c                UsageFault_Handler
                0x0000000008000340                UsageFault_Handler_C
                0x0000000008000374                SVC_Handler
                0x0000000008000378                DebugMon_Handler
                0x000000000800037c                PendSV_Handler
 .after_vectors
                0x0000000008000390        0x2 ./system/src/cmsis/vectors_stm32f1xx.o
                0x0000000008000390                DeviceInterrupt_Handler

.inits          0x0000000008000394       0x28
                0x0000000008000394                __data_regions_array_start = .
                0x0000000008000394        0x4 LONG 0x8001218 LOADADDR (.data)
                0x0000000008000398        0x4 LONG 0x20000000 ADDR (.data)
                0x000000000800039c        0x4 LONG 0x20000078 (ADDR (.data) + SIZEOF (.data))
                0x00000000080003a0        0x4 LONG 0x8001218 LOADADDR (.data_CCMRAM)
                0x00000000080003a4        0x4 LONG 0x10000000 ADDR (.data_CCMRAM)
                0x00000000080003a8        0x4 LONG 0x10000000 (ADDR (.data_CCMRAM) + SIZEOF (.data_CCMRAM))
                0x00000000080003ac                __data_regions_array_end = .
                0x00000000080003ac                __bss_regions_array_start = .
                0x00000000080003ac        0x4 LONG 0x20000078 ADDR (.bss)
                0x00000000080003b0        0x4 LONG 0x20000124 (ADDR (.bss) + SIZEOF (.bss))
                0x00000000080003b4        0x4 LONG 0x10000000 ADDR (.bss_CCMRAM)
                0x00000000080003b8        0x4 LONG 0x10000000 (ADDR (.bss_CCMRAM) + SIZEOF (.bss_CCMRAM))
                0x00000000080003bc                __bss_regions_array_end = .
 *(.init)
 *(.fini)
                0x00000000080003bc                . = ALIGN (0x4)
                0x00000000080003bc                PROVIDE (__preinit_array_start = .)
 *(.preinit_array_sysinit .preinit_array_sysinit.*)
 *(.preinit_array_platform .preinit_array_platform.*)
 *(.preinit_array .preinit_array.*)
                0x00000000080003bc                PROVIDE (__preinit_array_end = .)
                0x00000000080003bc                . = ALIGN (0x4)
                0x00000000080003bc                PROVIDE (__init_array_start = .)
 *(SORT_BY_NAME(.init_array.*))
 *(.init_array)
                0x00000000080003bc                PROVIDE (__init_array_end = .)
                0x00000000080003bc                . = ALIGN (0x4)
                0x00000000080003bc                PROVIDE (__fini_array_start = .)
 *(SORT_BY_NAME(.fini_array.*))
 *(.fini_array)
                0x00000000080003bc                PROVIDE (__fini_array_end = .)

.flashtext
 *(.flashtext .flashtext.*)

.text           0x00000000080003bc      0xe5a
 *(.text .text.*)
 .text._exit    0x00000000080003bc        0x2 ./system/src/newlib/_exit.o
                0x00000000080003bc                _exit
 *fill*         0x00000000080003be        0x2 
 .text._sbrk    0x00000000080003c0       0x44 ./system/src/newlib/_sbrk.o
                0x00000000080003c0                _sbrk
 .text.__initialize_args
                0x0000000008000404       0x10 ./system/src/newlib/_syscalls.o
                0x0000000008000404                __initialize_args
 .text.trace_printf
                0x0000000008000414       0x34 ./system/src/diag/Trace.o
                0x0000000008000414                trace_printf
 .text.trace_puts
                0x0000000008000448       0x20 ./system/src/diag/Trace.o
                0x0000000008000448                trace_puts
 .text._trace_write_semihosting_debug
                0x0000000008000468       0x60 ./system/src/diag/trace_impl.o
 .text.trace_write
                0x00000000080004c8        0x8 ./system/src/diag/trace_impl.o
                0x00000000080004c8                trace_write
 .text.__initialize_hardware_early
                0x00000000080004d0       0x18 ./system/src/cortexm/_initialize_hardware.o
                0x00000000080004d0                __initialize_hardware_early
 .text.__initialize_hardware
                0x00000000080004e8        0x8 ./system/src/cortexm/_initialize_hardware.o
                0x00000000080004e8                __initialize_hardware
 .text.dumpExceptionStack
                0x00000000080004f0       0xf4 ./system/src/cortexm/exception_handlers.o
                0x00000000080004f0                dumpExceptionStack
 .text.isSemihosting
                0x00000000080005e4       0x20 ./system/src/cortexm/exception_handlers.o
                0x00000000080005e4                isSemihosting
 .text.Default_Handler
                0x0000000008000604        0x2 ./system/src/cmsis/startup_stm32f103xb.o
                0x0000000008000604                RTC_Alarm_IRQHandler
                0x0000000008000604                EXTI2_IRQHandler
                0x0000000008000604                TIM1_CC_IRQHandler
                0x0000000008000604                PVD_IRQHandler
                0x0000000008000604                EXTI3_IRQHandler
                0x0000000008000604                EXTI0_IRQHandler
                0x0000000008000604                I2C2_EV_IRQHandler
                0x0000000008000604                ADC1_2_IRQHandler
                0x0000000008000604                SPI1_IRQHandler
                0x0000000008000604                TAMPER_IRQHandler
                0x0000000008000604                DMA1_Channel4_IRQHandler
                0x0000000008000604                USART3_IRQHandler
                0x0000000008000604                RTC_IRQHandler
                0x0000000008000604                DMA1_Channel7_IRQHandler
                0x0000000008000604                CAN1_RX1_IRQHandler
                0x0000000008000604                TIM4_IRQHandler
                0x0000000008000604                I2C1_EV_IRQHandler
                0x0000000008000604                DMA1_Channel6_IRQHandler
                0x0000000008000604                TIM3_IRQHandler
                0x0000000008000604                RCC_IRQHandler
                0x0000000008000604                TIM1_TRG_COM_IRQHandler
                0x0000000008000604                DMA1_Channel1_IRQHandler
                0x0000000008000604                Default_Handler
                0x0000000008000604                EXTI15_10_IRQHandler
                0x0000000008000604                EXTI9_5_IRQHandler
                0x0000000008000604                SPI2_IRQHandler
                0x0000000008000604                DMA1_Channel5_IRQHandler
                0x0000000008000604                EXTI4_IRQHandler
                0x0000000008000604                USB_LP_CAN1_RX0_IRQHandler
                0x0000000008000604                USB_HP_CAN1_TX_IRQHandler
                0x0000000008000604                DMA1_Channel3_IRQHandler
                0x0000000008000604                TIM1_UP_IRQHandler
                0x0000000008000604                WWDG_IRQHandler
                0x0000000008000604                TIM2_IRQHandler
                0x0000000008000604                TIM1_BRK_IRQHandler
                0x0000000008000604                EXTI1_IRQHandler
                0x0000000008000604                USART2_IRQHandler
                0x0000000008000604                I2C2_ER_IRQHandler
                0x0000000008000604                DMA1_Channel2_IRQHandler
                0x0000000008000604                CAN1_SCE_IRQHandler
                0x0000000008000604                FLASH_IRQHandler
                0x0000000008000604                USART1_IRQHandler
                0x0000000008000604                I2C1_ER_IRQHandler
                0x0000000008000604                USBWakeUp_IRQHandler
 *fill*         0x0000000008000606        0x2 
 .text.SystemInit
                0x0000000008000608       0x4c ./system/src/cmsis/system_stm32f1xx.o
                0x0000000008000608                SystemInit
 .text.SystemCoreClockUpdate
                0x0000000008000654       0x94 ./system/src/cmsis/system_stm32f1xx.o
                0x0000000008000654                SystemCoreClockUpdate
 .text.timer_start
                0x00000000080006e8       0x3c ./src/Timer.o
                0x00000000080006e8                timer_start
 .text.timer_sleep
                0x0000000008000724       0x14 ./src/Timer.o
                0x0000000008000724                timer_sleep
 .text.timer_tick
                0x0000000008000738       0x14 ./src/Timer.o
                0x0000000008000738                timer_tick
 .text.SysTick_Handler
                0x000000000800074c        0x8 ./src/Timer.o
                0x000000000800074c                SysTick_Handler
 .text.main     0x0000000008000754       0x3c ./src/main.o
                0x0000000008000754                main
 .text.__errno  0x0000000008000790        0xc /usr/bin/gcc-arm-none-eabi-9-2020-q2-update/bin/../lib/gcc/arm-none-eabi/9.3.1/../../../../arm-none-eabi/lib/thumb/v7-m/nofp/libg_nano.a(lib_a-errno.o)
                0x0000000008000790                __errno
 .text.memcpy   0x000000000800079c       0x1c /usr/bin/gcc-arm-none-eabi-9-2020-q2-update/bin/../lib/gcc/arm-none-eabi/9.3.1/../../../../arm-none-eabi/lib/thumb/v7-m/nofp/libg_nano.a(lib_a-memcpy-stub.o)
                0x000000000800079c                memcpy
 .text          0x00000000080007b8       0x10 /usr/bin/gcc-arm-none-eabi-9-2020-q2-update/bin/../lib/gcc/arm-none-eabi/9.3.1/../../../../arm-none-eabi/lib/thumb/v7-m/nofp/libg_nano.a(lib_a-strlen.o)
                0x00000000080007b8                strlen
 .text._vsnprintf_r
                0x00000000080007c8       0x58 /usr/bin/gcc-arm-none-eabi-9-2020-q2-update/bin/../lib/gcc/arm-none-eabi/9.3.1/../../../../arm-none-eabi/lib/thumb/v7-m/nofp/libg_nano.a(lib_a-vsnprintf.o)
                0x00000000080007c8                _vsnprintf_r
                0x00000000080007c8                _vsniprintf_r
 .text.vsnprintf
                0x0000000008000820       0x1c /usr/bin/gcc-arm-none-eabi-9-2020-q2-update/bin/../lib/gcc/arm-none-eabi/9.3.1/../../../../arm-none-eabi/lib/thumb/v7-m/nofp/libg_nano.a(lib_a-vsnprintf.o)
                0x0000000008000820                vsnprintf
                0x0000000008000820                vsniprintf
 .text.__ssputs_r
                0x000000000800083c       0xb6 /usr/bin/gcc-arm-none-eabi-9-2020-q2-update/bin/../lib/gcc/arm-none-eabi/9.3.1/../../../../arm-none-eabi/lib/thumb/v7-m/nofp/libg_nano.a(lib_a-nano-svfprintf.o)
                0x000000000800083c                __ssputs_r
 *fill*         0x00000000080008f2        0x2 
 .text._svfprintf_r
                0x00000000080008f4      0x200 /usr/bin/gcc-arm-none-eabi-9-2020-q2-update/bin/../lib/gcc/arm-none-eabi/9.3.1/../../../../arm-none-eabi/lib/thumb/v7-m/nofp/libg_nano.a(lib_a-nano-svfprintf.o)
                0x00000000080008f4                _svfprintf_r
                0x00000000080008f4                _svfiprintf_r
 .text._printf_common
                0x0000000008000af4       0xde /usr/bin/gcc-arm-none-eabi-9-2020-q2-update/bin/../lib/gcc/arm-none-eabi/9.3.1/../../../../arm-none-eabi/lib/thumb/v7-m/nofp/libg_nano.a(lib_a-nano-vfprintf_i.o)
                0x0000000008000af4                _printf_common
 *fill*         0x0000000008000bd2        0x2 
 .text._printf_i
                0x0000000008000bd4      0x24c /usr/bin/gcc-arm-none-eabi-9-2020-q2-update/bin/../lib/gcc/arm-none-eabi/9.3.1/../../../../arm-none-eabi/lib/thumb/v7-m/nofp/libg_nano.a(lib_a-nano-vfprintf_i.o)
                0x0000000008000bd4                _printf_i
 .text.memchr   0x0000000008000e20       0x1c /usr/bin/gcc-arm-none-eabi-9-2020-q2-update/bin/../lib/gcc/arm-none-eabi/9.3.1/../../../../arm-none-eabi/lib/thumb/v7-m/nofp/libg_nano.a(lib_a-memchr-stub.o)
                0x0000000008000e20                memchr
 .text.memmove  0x0000000008000e3c       0x34 /usr/bin/gcc-arm-none-eabi-9-2020-q2-update/bin/../lib/gcc/arm-none-eabi/9.3.1/../../../../arm-none-eabi/lib/thumb/v7-m/nofp/libg_nano.a(lib_a-memmove.o)
                0x0000000008000e3c                memmove
 .text._free_r  0x0000000008000e70       0x98 /usr/bin/gcc-arm-none-eabi-9-2020-q2-update/bin/../lib/gcc/arm-none-eabi/9.3.1/../../../../arm-none-eabi/lib/thumb/v7-m/nofp/libg_nano.a(lib_a-nano-freer.o)
                0x0000000008000e70                _free_r
 .text._malloc_r
                0x0000000008000f08       0xb4 /usr/bin/gcc-arm-none-eabi-9-2020-q2-update/bin/../lib/gcc/arm-none-eabi/9.3.1/../../../../arm-none-eabi/lib/thumb/v7-m/nofp/libg_nano.a(lib_a-nano-mallocr.o)
                0x0000000008000f08                _malloc_r
 .text._realloc_r
                0x0000000008000fbc       0x4c /usr/bin/gcc-arm-none-eabi-9-2020-q2-update/bin/../lib/gcc/arm-none-eabi/9.3.1/../../../../arm-none-eabi/lib/thumb/v7-m/nofp/libg_nano.a(lib_a-nano-reallocr.o)
                0x0000000008000fbc                _realloc_r
 .text._sbrk_r  0x0000000008001008       0x20 /usr/bin/gcc-arm-none-eabi-9-2020-q2-update/bin/../lib/gcc/arm-none-eabi/9.3.1/../../../../arm-none-eabi/lib/thumb/v7-m/nofp/libg_nano.a(lib_a-sbrkr.o)
                0x0000000008001008                _sbrk_r
 .text.__malloc_lock
                0x0000000008001028        0xc /usr/bin/gcc-arm-none-eabi-9-2020-q2-update/bin/../lib/gcc/arm-none-eabi/9.3.1/../../../../arm-none-eabi/lib/thumb/v7-m/nofp/libg_nano.a(lib_a-mlock.o)
                0x0000000008001028                __malloc_lock
 .text.__malloc_unlock
                0x0000000008001034        0xc /usr/bin/gcc-arm-none-eabi-9-2020-q2-update/bin/../lib/gcc/arm-none-eabi/9.3.1/../../../../arm-none-eabi/lib/thumb/v7-m/nofp/libg_nano.a(lib_a-mlock.o)
                0x0000000008001034                __malloc_unlock
 .text._malloc_usable_size_r
                0x0000000008001040       0x10 /usr/bin/gcc-arm-none-eabi-9-2020-q2-update/bin/../lib/gcc/arm-none-eabi/9.3.1/../../../../arm-none-eabi/lib/thumb/v7-m/nofp/libg_nano.a(lib_a-nano-msizer.o)
                0x0000000008001040                _malloc_usable_size_r
 .text.__retarget_lock_acquire_recursive
                0x0000000008001050        0x2 /usr/bin/gcc-arm-none-eabi-9-2020-q2-update/bin/../lib/gcc/arm-none-eabi/9.3.1/../../../../arm-none-eabi/lib/thumb/v7-m/nofp/libg_nano.a(lib_a-lock.o)
                0x0000000008001050                __retarget_lock_acquire_recursive
 .text.__retarget_lock_release_recursive
                0x0000000008001052        0x2 /usr/bin/gcc-arm-none-eabi-9-2020-q2-update/bin/../lib/gcc/arm-none-eabi/9.3.1/../../../../arm-none-eabi/lib/thumb/v7-m/nofp/libg_nano.a(lib_a-lock.o)
                0x0000000008001052                __retarget_lock_release_recursive
 *(.rodata .rodata.* .constdata .constdata.*)
 .rodata.trace_puts.str1.4
                0x0000000008001054        0x0 ./system/src/diag/Trace.o
                                          0x2 (size before relaxing)
 .rodata.dumpExceptionStack.str1.4
                0x0000000008001054      0x11a ./system/src/cortexm/exception_handlers.o
 *fill*         0x000000000800116e        0x2 
 .rodata.str1.4
                0x0000000008001170       0x2a ./system/src/cortexm/exception_handlers.o
 *fill*         0x000000000800119a        0x2 
 .rodata.AHBPrescTable
                0x000000000800119c       0x10 ./system/src/cmsis/system_stm32f1xx.o
                0x000000000800119c                AHBPrescTable
 .rodata.main.str1.4
                0x00000000080011ac       0x37 ./src/main.o
 .rodata._svfprintf_r.str1.1
                0x00000000080011e3       0x11 /usr/bin/gcc-arm-none-eabi-9-2020-q2-update/bin/../lib/gcc/arm-none-eabi/9.3.1/../../../../arm-none-eabi/lib/thumb/v7-m/nofp/libg_nano.a(lib_a-nano-svfprintf.o)
 .rodata._printf_i.str1.1
                0x00000000080011f4       0x22 /usr/bin/gcc-arm-none-eabi-9-2020-q2-update/bin/../lib/gcc/arm-none-eabi/9.3.1/../../../../arm-none-eabi/lib/thumb/v7-m/nofp/libg_nano.a(lib_a-nano-vfprintf_i.o)
 *(vtable)
 *(.eh_frame*)
 *(.glue_7)
 .glue_7        0x0000000008001216        0x0 linker stubs
 *(.glue_7t)
 .glue_7t       0x0000000008001216        0x0 linker stubs

.vfp11_veneer   0x0000000008001218        0x0
 .vfp11_veneer  0x0000000008001218        0x0 linker stubs

.v4_bx          0x0000000008001218        0x0
 .v4_bx         0x0000000008001218        0x0 linker stubs

.iplt           0x0000000008001218        0x0
 .iplt          0x0000000008001218        0x0 ./system/src/newlib/_exit.o

.rel.dyn        0x0000000008001218        0x0
 .rel.iplt      0x0000000008001218        0x0 ./system/src/newlib/_exit.o

.ARM.extab
 *(.ARM.extab* .gnu.linkonce.armextab.*)
                0x0000000008001218                . = ALIGN (0x4)
                0x0000000008001218                __exidx_start = .

.ARM.exidx
 *(.ARM.exidx* .gnu.linkonce.armexidx.*)
                0x0000000008001218                __exidx_end = .
                0x0000000008001218                . = ALIGN (0x4)
                0x0000000008001218                _etext = .
                0x0000000008001218                __etext = .

.data_CCMRAM    0x0000000010000000        0x0 load address 0x0000000008001218
 FILL mask 0xff
 *(.data.CCMRAM .data.CCMRAM.*)
                0x0000000010000000                . = ALIGN (0x4)
                0x0000000008001218                _sidata = LOADADDR (.data)

.data           0x0000000020000000       0x78 load address 0x0000000008001218
 FILL mask 0xff
                0x0000000020000000                _sdata = .
                0x0000000020000000                __data_start__ = .
 *(.data_begin .data_begin.*)
 .data_begin    0x0000000020000000        0x4 ./system/src/newlib/_startup.o
 *(.data .data.*)
 .data.argv.4353
                0x0000000020000004        0x8 ./system/src/newlib/_syscalls.o
 .data.SystemCoreClock
                0x000000002000000c        0x4 ./system/src/cmsis/system_stm32f1xx.o
                0x000000002000000c                SystemCoreClock
 .data._impure_ptr
                0x0000000020000010        0x4 /usr/bin/gcc-arm-none-eabi-9-2020-q2-update/bin/../lib/gcc/arm-none-eabi/9.3.1/../../../../arm-none-eabi/lib/thumb/v7-m/nofp/libg_nano.a(lib_a-impure.o)
                0x0000000020000010                _impure_ptr
 .data.impure_data
                0x0000000020000014       0x60 /usr/bin/gcc-arm-none-eabi-9-2020-q2-update/bin/../lib/gcc/arm-none-eabi/9.3.1/../../../../arm-none-eabi/lib/thumb/v7-m/nofp/libg_nano.a(lib_a-impure.o)
 *(.data_end .data_end.*)
 .data_end      0x0000000020000074        0x4 ./system/src/newlib/_startup.o
                0x0000000020000078                . = ALIGN (0x4)
                0x0000000020000078                _edata = .
                0x0000000020000078                __data_end__ = .

.igot.plt       0x0000000020000078        0x0 load address 0x0000000008001290
 .igot.plt      0x0000000020000078        0x0 ./system/src/newlib/_exit.o

.bss_CCMRAM     0x0000000010000000        0x0
 *(.bss.CCMRAM .bss.CCMRAM.*)

.bss            0x0000000020000078       0xac
                0x0000000020000078                __bss_start__ = .
                0x0000000020000078                _sbss = .
 *(.bss_begin .bss_begin.*)
 .bss_begin     0x0000000020000078        0x4 ./system/src/newlib/_startup.o
 *(.bss .bss.*)
 .bss.current_heap_end.3985
                0x000000002000007c        0x4 ./system/src/newlib/_sbrk.o
 .bss.name.4352
                0x0000000020000080        0x1 ./system/src/newlib/_syscalls.o
 *fill*         0x0000000020000081        0x3 
 .bss.buf.5229  0x0000000020000084       0x80 ./system/src/diag/Trace.o
 .bss.__malloc_free_list
                0x0000000020000104        0x4 /usr/bin/gcc-arm-none-eabi-9-2020-q2-update/bin/../lib/gcc/arm-none-eabi/9.3.1/../../../../arm-none-eabi/lib/thumb/v7-m/nofp/libg_nano.a(lib_a-nano-mallocr.o)
                0x0000000020000104                __malloc_free_list
 .bss.__malloc_sbrk_start
                0x0000000020000108        0x4 /usr/bin/gcc-arm-none-eabi-9-2020-q2-update/bin/../lib/gcc/arm-none-eabi/9.3.1/../../../../arm-none-eabi/lib/thumb/v7-m/nofp/libg_nano.a(lib_a-nano-mallocr.o)
                0x0000000020000108                __malloc_sbrk_start
 *(COMMON)
 COMMON         0x000000002000010c        0x4 ./system/src/newlib/_syscalls.o
                0x000000002000010c                errno
 COMMON         0x0000000020000110        0x4 ./src/Timer.o
                0x0000000020000110                timer_delayCount
 COMMON         0x0000000020000114        0x9 /usr/bin/gcc-arm-none-eabi-9-2020-q2-update/bin/../lib/gcc/arm-none-eabi/9.3.1/../../../../arm-none-eabi/lib/thumb/v7-m/nofp/libg_nano.a(lib_a-lock.o)
                0x0000000020000114                __lock___atexit_recursive_mutex
                0x0000000020000115                __lock___arc4random_mutex
                0x0000000020000116                __lock___env_recursive_mutex
                0x0000000020000117                __lock___sinit_recursive_mutex
                0x0000000020000118                __lock___malloc_recursive_mutex
                0x0000000020000119                __lock___at_quick_exit_mutex
                0x000000002000011a                __lock___dd_hash_mutex
                0x000000002000011b                __lock___tz_mutex
                0x000000002000011c                __lock___sfp_recursive_mutex
 *(.bss_end .bss_end.*)
 *fill*         0x000000002000011d        0x3 
 .bss_end       0x0000000020000120        0x4 ./system/src/newlib/_startup.o
                0x0000000020000124                . = ALIGN (0x4)
                0x0000000020000124                __bss_end__ = .
                0x0000000020000124                _ebss = .

.noinit_CCMRAM
 *(.noinit.CCMRAM .noinit.CCMRAM.*)

.noinit         0x0000000020000124        0x0
                0x0000000020000124                _noinit = .
 *(.noinit .noinit.*)
                0x0000000020000124                . = ALIGN (0x4)
                0x0000000020000124                _end_noinit = .
                [!provide]                        PROVIDE (end = _end_noinit)
                [!provide]                        PROVIDE (_end = _end_noinit)
                [!provide]                        PROVIDE (__end = _end_noinit)
                [!provide]                        PROVIDE (__end__ = _end_noinit)

._check_stack   0x0000000020000124      0x100
                0x0000000020000224                . = (. + _Minimum_Stack_Size)
 *fill*         0x0000000020000124      0x100 

.b1text
 *(.b1text)
 *(.b1rodata)
 *(.b1rodata.*)

.eb0text
 *(.eb0text)
 *(.eb0rodata)
 *(.eb0rodata.*)

.eb1text
 *(.eb1text)
 *(.eb1rodata)
 *(.eb1rodata.*)

.eb2text
 *(.eb2text)
 *(.eb2rodata)
 *(.eb2rodata.*)

.eb3text
 *(.eb3text)
 *(.eb3rodata)
 *(.eb3rodata.*)

.stab
 *(.stab)

.stabstr
 *(.stabstr)

.stab.excl
 *(.stab.excl)

.stab.exclstr
 *(.stab.exclstr)

.stab.index
 *(.stab.index)

.stab.indexstr
 *(.stab.indexstr)

.comment        0x0000000000000000       0x4c
 *(.comment)
 .comment       0x0000000000000000       0x4c ./system/src/newlib/_exit.o
                                         0x4d (size before relaxing)
 .comment       0x000000000000004c       0x4d ./system/src/newlib/_sbrk.o
 .comment       0x000000000000004c       0x4d ./system/src/newlib/_startup.o
 .comment       0x000000000000004c       0x4d ./system/src/newlib/_syscalls.o
 .comment       0x000000000000004c       0x4d ./system/src/diag/Trace.o
 .comment       0x000000000000004c       0x4d ./system/src/diag/trace_impl.o
 .comment       0x000000000000004c       0x4d ./system/src/cortexm/_initialize_hardware.o
 .comment       0x000000000000004c       0x4d ./system/src/cortexm/exception_handlers.o
 .comment       0x000000000000004c       0x4d ./system/src/cmsis/system_stm32f1xx.o
 .comment       0x000000000000004c       0x4d ./system/src/cmsis/vectors_stm32f1xx.o
 .comment       0x000000000000004c       0x4d ./src/Timer.o
 .comment       0x000000000000004c       0x4d ./src/main.o

.ARM.attributes
                0x0000000000000000       0x2b
 .ARM.attributes
                0x0000000000000000       0x2d ./system/src/newlib/_exit.o
 .ARM.attributes
                0x000000000000002d       0x2d ./system/src/newlib/_sbrk.o
 .ARM.attributes
                0x000000000000005a       0x2d ./system/src/newlib/_startup.o
 .ARM.attributes
                0x0000000000000087       0x2d ./system/src/newlib/_syscalls.o
 .ARM.attributes
                0x00000000000000b4       0x2d ./system/src/diag/Trace.o
 .ARM.attributes
                0x00000000000000e1       0x2d ./system/src/diag/trace_impl.o
 .ARM.attributes
                0x000000000000010e       0x2d ./system/src/cortexm/_initialize_hardware.o
 .ARM.attributes
                0x000000000000013b       0x2d ./system/src/cortexm/exception_handlers.o
 .ARM.attributes
                0x0000000000000168       0x21 ./system/src/cmsis/startup_stm32f103xb.o
 .ARM.attributes
                0x0000000000000189       0x2d ./system/src/cmsis/system_stm32f1xx.o
 .ARM.attributes
                0x00000000000001b6       0x2d ./system/src/cmsis/vectors_stm32f1xx.o
 .ARM.attributes
                0x00000000000001e3       0x2d ./src/Timer.o
 .ARM.attributes
                0x0000000000000210       0x2d ./src/main.o
 .ARM.attributes
                0x000000000000023d       0x2d /usr/bin/gcc-arm-none-eabi-9-2020-q2-update/bin/../lib/gcc/arm-none-eabi/9.3.1/../../../../arm-none-eabi/lib/thumb/v7-m/nofp/libg_nano.a(lib_a-errno.o)
 .ARM.attributes
                0x000000000000026a       0x2d /usr/bin/gcc-arm-none-eabi-9-2020-q2-update/bin/../lib/gcc/arm-none-eabi/9.3.1/../../../../arm-none-eabi/lib/thumb/v7-m/nofp/libg_nano.a(lib_a-impure.o)
 .ARM.attributes
                0x0000000000000297       0x2d /usr/bin/gcc-arm-none-eabi-9-2020-q2-update/bin/../lib/gcc/arm-none-eabi/9.3.1/../../../../arm-none-eabi/lib/thumb/v7-m/nofp/libg_nano.a(lib_a-memcpy-stub.o)
 .ARM.attributes
                0x00000000000002c4       0x17 /usr/bin/gcc-arm-none-eabi-9-2020-q2-update/bin/../lib/gcc/arm-none-eabi/9.3.1/../../../../arm-none-eabi/lib/thumb/v7-m/nofp/libg_nano.a(lib_a-strlen.o)
 .ARM.attributes
                0x00000000000002db       0x2d /usr/bin/gcc-arm-none-eabi-9-2020-q2-update/bin/../lib/gcc/arm-none-eabi/9.3.1/../../../../arm-none-eabi/lib/thumb/v7-m/nofp/libg_nano.a(lib_a-vsnprintf.o)
 .ARM.attributes
                0x0000000000000308       0x2d /usr/bin/gcc-arm-none-eabi-9-2020-q2-update/bin/../lib/gcc/arm-none-eabi/9.3.1/../../../../arm-none-eabi/lib/thumb/v7-m/nofp/libg_nano.a(lib_a-nano-svfprintf.o)
 .ARM.attributes
                0x0000000000000335       0x2d /usr/bin/gcc-arm-none-eabi-9-2020-q2-update/bin/../lib/gcc/arm-none-eabi/9.3.1/../../../../arm-none-eabi/lib/thumb/v7-m/nofp/libg_nano.a(lib_a-nano-vfprintf_i.o)
 .ARM.attributes
                0x0000000000000362       0x2d /usr/bin/gcc-arm-none-eabi-9-2020-q2-update/bin/../lib/gcc/arm-none-eabi/9.3.1/../../../../arm-none-eabi/lib/thumb/v7-m/nofp/libg_nano.a(lib_a-memchr-stub.o)
 .ARM.attributes
                0x000000000000038f       0x2d /usr/bin/gcc-arm-none-eabi-9-2020-q2-update/bin/../lib/gcc/arm-none-eabi/9.3.1/../../../../arm-none-eabi/lib/thumb/v7-m/nofp/libg_nano.a(lib_a-memmove.o)
 .ARM.attributes
                0x00000000000003bc       0x2d /usr/bin/gcc-arm-none-eabi-9-2020-q2-update/bin/../lib/gcc/arm-none-eabi/9.3.1/../../../../arm-none-eabi/lib/thumb/v7-m/nofp/libg_nano.a(lib_a-nano-freer.o)
 .ARM.attributes
                0x00000000000003e9       0x2d /usr/bin/gcc-arm-none-eabi-9-2020-q2-update/bin/../lib/gcc/arm-none-eabi/9.3.1/../../../../arm-none-eabi/lib/thumb/v7-m/nofp/libg_nano.a(lib_a-nano-mallocr.o)
 .ARM.attributes
                0x0000000000000416       0x2d /usr/bin/gcc-arm-none-eabi-9-2020-q2-update/bin/../lib/gcc/arm-none-eabi/9.3.1/../../../../arm-none-eabi/lib/thumb/v7-m/nofp/libg_nano.a(lib_a-nano-reallocr.o)
 .ARM.attributes
                0x0000000000000443       0x2d /usr/bin/gcc-arm-none-eabi-9-2020-q2-update/bin/../lib/gcc/arm-none-eabi/9.3.1/../../../../arm-none-eabi/lib/thumb/v7-m/nofp/libg_nano.a(lib_a-sbrkr.o)
 .ARM.attributes
                0x0000000000000470       0x2d /usr/bin/gcc-arm-none-eabi-9-2020-q2-update/bin/../lib/gcc/arm-none-eabi/9.3.1/../../../../arm-none-eabi/lib/thumb/v7-m/nofp/libg_nano.a(lib_a-mlock.o)
 .ARM.attributes
                0x000000000000049d       0x2d /usr/bin/gcc-arm-none-eabi-9-2020-q2-update/bin/../lib/gcc/arm-none-eabi/9.3.1/../../../../arm-none-eabi/lib/thumb/v7-m/nofp/libg_nano.a(lib_a-nano-msizer.o)
 .ARM.attributes
                0x00000000000004ca       0x2d /usr/bin/gcc-arm-none-eabi-9-2020-q2-update/bin/../lib/gcc/arm-none-eabi/9.3.1/../../../../arm-none-eabi/lib/thumb/v7-m/nofp/libg_nano.a(lib_a-lock.o)

.debug
 *(.debug)

.line
 *(.line)

.debug_srcinfo
 *(.debug_srcinfo)

.debug_sfnames
 *(.debug_sfnames)

.debug_aranges  0x0000000000000000      0x2a0
 *(.debug_aranges)
 .debug_aranges
                0x0000000000000000       0x28 ./system/src/newlib/_exit.o
 .debug_aranges
                0x0000000000000028       0x20 ./system/src/newlib/_sbrk.o
 .debug_aranges
                0x0000000000000048       0x40 ./system/src/newlib/_startup.o
 .debug_aranges
                0x0000000000000088       0x30 ./system/src/newlib/_syscalls.o
 .debug_aranges
                0x00000000000000b8       0x38 ./system/src/diag/Trace.o
 .debug_aranges
                0x00000000000000f0       0x30 ./system/src/diag/trace_impl.o
 .debug_aranges
                0x0000000000000120       0x28 ./system/src/cortexm/_initialize_hardware.o
 .debug_aranges
                0x0000000000000148       0x90 ./system/src/cortexm/exception_handlers.o
 .debug_aranges
                0x00000000000001d8       0x28 ./system/src/cmsis/startup_stm32f103xb.o
 .debug_aranges
                0x0000000000000200       0x28 ./system/src/cmsis/system_stm32f1xx.o
 .debug_aranges
                0x0000000000000228       0x20 ./system/src/cmsis/vectors_stm32f1xx.o
 .debug_aranges
                0x0000000000000248       0x38 ./src/Timer.o
 .debug_aranges
                0x0000000000000280       0x20 ./src/main.o

.debug_pubnames
 *(.debug_pubnames)

.debug_info     0x0000000000000000     0x5fbb
 *(.debug_info .gnu.linkonce.wi.*)
 .debug_info    0x0000000000000000      0x9e7 ./system/src/newlib/_exit.o
 .debug_info    0x00000000000009e7      0x9d4 ./system/src/newlib/_sbrk.o
 .debug_info    0x00000000000013bb      0x4ae ./system/src/newlib/_startup.o
 .debug_info    0x0000000000001869      0xab9 ./system/src/newlib/_syscalls.o
 .debug_info    0x0000000000002322      0xbdb ./system/src/diag/Trace.o
 .debug_info    0x0000000000002efd      0x3fd ./system/src/diag/trace_impl.o
 .debug_info    0x00000000000032fa      0x31d ./system/src/cortexm/_initialize_hardware.o
 .debug_info    0x0000000000003617     0x12c2 ./system/src/cortexm/exception_handlers.o
 .debug_info    0x00000000000048d9       0x22 ./system/src/cmsis/startup_stm32f103xb.o
 .debug_info    0x00000000000048fb      0x40a ./system/src/cmsis/system_stm32f1xx.o
 .debug_info    0x0000000000004d05       0xcd ./system/src/cmsis/vectors_stm32f1xx.o
 .debug_info    0x0000000000004dd2      0x6c0 ./src/Timer.o
 .debug_info    0x0000000000005492      0xb29 ./src/main.o

.debug_abbrev   0x0000000000000000     0x17ff
 *(.debug_abbrev)
 .debug_abbrev  0x0000000000000000      0x222 ./system/src/newlib/_exit.o
 .debug_abbrev  0x0000000000000222      0x232 ./system/src/newlib/_sbrk.o
 .debug_abbrev  0x0000000000000454      0x1b1 ./system/src/newlib/_startup.o
 .debug_abbrev  0x0000000000000605      0x26d ./system/src/newlib/_syscalls.o
 .debug_abbrev  0x0000000000000872      0x2c6 ./system/src/diag/Trace.o
 .debug_abbrev  0x0000000000000b38      0x218 ./system/src/diag/trace_impl.o
 .debug_abbrev  0x0000000000000d50       0xfc ./system/src/cortexm/_initialize_hardware.o
 .debug_abbrev  0x0000000000000e4c      0x372 ./system/src/cortexm/exception_handlers.o
 .debug_abbrev  0x00000000000011be       0x12 ./system/src/cmsis/startup_stm32f103xb.o
 .debug_abbrev  0x00000000000011d0      0x154 ./system/src/cmsis/system_stm32f1xx.o
 .debug_abbrev  0x0000000000001324       0xa5 ./system/src/cmsis/vectors_stm32f1xx.o
 .debug_abbrev  0x00000000000013c9      0x1ef ./src/Timer.o
 .debug_abbrev  0x00000000000015b8      0x247 ./src/main.o

.debug_line     0x0000000000000000     0x2bc2
 *(.debug_line)
 .debug_line    0x0000000000000000      0x341 ./system/src/newlib/_exit.o
 .debug_line    0x0000000000000341      0x32b ./system/src/newlib/_sbrk.o
 .debug_line    0x000000000000066c      0x5a5 ./system/src/newlib/_startup.o
 .debug_line    0x0000000000000c11      0x430 ./system/src/newlib/_syscalls.o
 .debug_line    0x0000000000001041      0x41d ./system/src/diag/Trace.o
 .debug_line    0x000000000000145e      0x49a ./system/src/diag/trace_impl.o
 .debug_line    0x00000000000018f8      0x190 ./system/src/cortexm/_initialize_hardware.o
 .debug_line    0x0000000000001a88      0x6ce ./system/src/cortexm/exception_handlers.o
 .debug_line    0x0000000000002156       0x86 ./system/src/cmsis/startup_stm32f103xb.o
 .debug_line    0x00000000000021dc      0x24b ./system/src/cmsis/system_stm32f1xx.o
 .debug_line    0x0000000000002427      0x10c ./system/src/cmsis/vectors_stm32f1xx.o
 .debug_line    0x0000000000002533      0x260 ./src/Timer.o
 .debug_line    0x0000000000002793      0x42f ./src/main.o

.debug_frame    0x0000000000000000      0x830
 *(.debug_frame)
 .debug_frame   0x0000000000000000       0x38 ./system/src/newlib/_exit.o
 .debug_frame   0x0000000000000038       0x28 ./system/src/newlib/_sbrk.o
 .debug_frame   0x0000000000000060       0x7c ./system/src/newlib/_startup.o
 .debug_frame   0x00000000000000dc       0x50 ./system/src/newlib/_syscalls.o
 .debug_frame   0x000000000000012c       0x94 ./system/src/diag/Trace.o
 .debug_frame   0x00000000000001c0       0x64 ./system/src/diag/trace_impl.o
 .debug_frame   0x0000000000000224       0x40 ./system/src/cortexm/_initialize_hardware.o
 .debug_frame   0x0000000000000264      0x158 ./system/src/cortexm/exception_handlers.o
 .debug_frame   0x00000000000003bc       0x30 ./system/src/cmsis/system_stm32f1xx.o
 .debug_frame   0x00000000000003ec       0x20 ./system/src/cmsis/vectors_stm32f1xx.o
 .debug_frame   0x000000000000040c       0x58 ./src/Timer.o
 .debug_frame   0x0000000000000464       0x28 ./src/main.o
 .debug_frame   0x000000000000048c       0x20 /usr/bin/gcc-arm-none-eabi-9-2020-q2-update/bin/../lib/gcc/arm-none-eabi/9.3.1/../../../../arm-none-eabi/lib/thumb/v7-m/nofp/libg_nano.a(lib_a-errno.o)
 .debug_frame   0x00000000000004ac       0x28 /usr/bin/gcc-arm-none-eabi-9-2020-q2-update/bin/../lib/gcc/arm-none-eabi/9.3.1/../../../../arm-none-eabi/lib/thumb/v7-m/nofp/libg_nano.a(lib_a-memcpy-stub.o)
 .debug_frame   0x00000000000004d4       0x4c /usr/bin/gcc-arm-none-eabi-9-2020-q2-update/bin/../lib/gcc/arm-none-eabi/9.3.1/../../../../arm-none-eabi/lib/thumb/v7-m/nofp/libg_nano.a(lib_a-vsnprintf.o)
 .debug_frame   0x0000000000000520       0x90 /usr/bin/gcc-arm-none-eabi-9-2020-q2-update/bin/../lib/gcc/arm-none-eabi/9.3.1/../../../../arm-none-eabi/lib/thumb/v7-m/nofp/libg_nano.a(lib_a-nano-svfprintf.o)
 .debug_frame   0x00000000000005b0       0x60 /usr/bin/gcc-arm-none-eabi-9-2020-q2-update/bin/../lib/gcc/arm-none-eabi/9.3.1/../../../../arm-none-eabi/lib/thumb/v7-m/nofp/libg_nano.a(lib_a-nano-vfprintf_i.o)
 .debug_frame   0x0000000000000610       0x28 /usr/bin/gcc-arm-none-eabi-9-2020-q2-update/bin/../lib/gcc/arm-none-eabi/9.3.1/../../../../arm-none-eabi/lib/thumb/v7-m/nofp/libg_nano.a(lib_a-memchr-stub.o)
 .debug_frame   0x0000000000000638       0x28 /usr/bin/gcc-arm-none-eabi-9-2020-q2-update/bin/../lib/gcc/arm-none-eabi/9.3.1/../../../../arm-none-eabi/lib/thumb/v7-m/nofp/libg_nano.a(lib_a-memmove.o)
 .debug_frame   0x0000000000000660       0x38 /usr/bin/gcc-arm-none-eabi-9-2020-q2-update/bin/../lib/gcc/arm-none-eabi/9.3.1/../../../../arm-none-eabi/lib/thumb/v7-m/nofp/libg_nano.a(lib_a-nano-freer.o)
 .debug_frame   0x0000000000000698       0x30 /usr/bin/gcc-arm-none-eabi-9-2020-q2-update/bin/../lib/gcc/arm-none-eabi/9.3.1/../../../../arm-none-eabi/lib/thumb/v7-m/nofp/libg_nano.a(lib_a-nano-mallocr.o)
 .debug_frame   0x00000000000006c8       0x3c /usr/bin/gcc-arm-none-eabi-9-2020-q2-update/bin/../lib/gcc/arm-none-eabi/9.3.1/../../../../arm-none-eabi/lib/thumb/v7-m/nofp/libg_nano.a(lib_a-nano-reallocr.o)
 .debug_frame   0x0000000000000704       0x2c /usr/bin/gcc-arm-none-eabi-9-2020-q2-update/bin/../lib/gcc/arm-none-eabi/9.3.1/../../../../arm-none-eabi/lib/thumb/v7-m/nofp/libg_nano.a(lib_a-sbrkr.o)
 .debug_frame   0x0000000000000730       0x30 /usr/bin/gcc-arm-none-eabi-9-2020-q2-update/bin/../lib/gcc/arm-none-eabi/9.3.1/../../../../arm-none-eabi/lib/thumb/v7-m/nofp/libg_nano.a(lib_a-mlock.o)
 .debug_frame   0x0000000000000760       0x20 /usr/bin/gcc-arm-none-eabi-9-2020-q2-update/bin/../lib/gcc/arm-none-eabi/9.3.1/../../../../arm-none-eabi/lib/thumb/v7-m/nofp/libg_nano.a(lib_a-nano-msizer.o)
 .debug_frame   0x0000000000000780       0xb0 /usr/bin/gcc-arm-none-eabi-9-2020-q2-update/bin/../lib/gcc/arm-none-eabi/9.3.1/../../../../arm-none-eabi/lib/thumb/v7-m/nofp/libg_nano.a(lib_a-lock.o)

.debug_str      0x0000000000000000    0x5cfc3
 *(.debug_str)
 .debug_str     0x0000000000000000     0x7a0a ./system/src/newlib/_exit.o
                                       0x7bd1 (size before relaxing)
 .debug_str     0x0000000000007a0a      0x4f5 ./system/src/newlib/_sbrk.o
                                       0x6f92 (size before relaxing)
 .debug_str     0x0000000000007eff      0xbb4 ./system/src/newlib/_startup.o
                                       0x63a5 (size before relaxing)
 .debug_str     0x0000000000008ab3     0x1519 ./system/src/newlib/_syscalls.o
                                       0x84fb (size before relaxing)
 .debug_str     0x0000000000009fcc      0x826 ./system/src/diag/Trace.o
                                       0x834d (size before relaxing)
 .debug_str     0x000000000000a7f2    0x52062 ./system/src/diag/trace_impl.o
                                      0x59276 (size before relaxing)
 .debug_str     0x000000000005c854       0xbc ./system/src/cortexm/_initialize_hardware.o
                                      0x5570c (size before relaxing)
 .debug_str     0x000000000005c910      0x1a6 ./system/src/cortexm/exception_handlers.o
                                      0x5a7bf (size before relaxing)
 .debug_str     0x000000000005cab6       0x38 ./system/src/cmsis/startup_stm32f103xb.o
                                         0x66 (size before relaxing)
 .debug_str     0x000000000005caee       0xc0 ./system/src/cmsis/system_stm32f1xx.o
                                      0x55752 (size before relaxing)
 .debug_str     0x000000000005cbae       0x57 ./system/src/cmsis/vectors_stm32f1xx.o
                                       0x38e4 (size before relaxing)
 .debug_str     0x000000000005cc05      0x389 ./src/Timer.o
                                      0x55ad1 (size before relaxing)
 .debug_str     0x000000000005cf8e       0x35 ./src/main.o
                                      0x5aafd (size before relaxing)

.debug_loc      0x0000000000000000      0xbd0
 *(.debug_loc)
 .debug_loc     0x0000000000000000       0x15 ./system/src/newlib/_exit.o
 .debug_loc     0x0000000000000015       0x97 ./system/src/newlib/_sbrk.o
 .debug_loc     0x00000000000000ac      0x2de ./system/src/newlib/_startup.o
 .debug_loc     0x000000000000038a       0x6f ./system/src/newlib/_syscalls.o
 .debug_loc     0x00000000000003f9      0x118 ./system/src/diag/Trace.o
 .debug_loc     0x0000000000000511      0x194 ./system/src/diag/trace_impl.o
 .debug_loc     0x00000000000006a5      0x35c ./system/src/cortexm/exception_handlers.o
 .debug_loc     0x0000000000000a01       0xff ./system/src/cmsis/system_stm32f1xx.o
 .debug_loc     0x0000000000000b00       0x63 ./src/Timer.o
 .debug_loc     0x0000000000000b63       0x6d ./src/main.o

.debug_macinfo
 *(.debug_macinfo)

.debug_weaknames
 *(.debug_weaknames)

.debug_funcnames
 *(.debug_funcnames)

.debug_typenames
 *(.debug_typenames)

.debug_varnames
 *(.debug_varnames)
OUTPUT(Blink-1.elf elf32-littlearm)
LOAD linker stubs

.debug_ranges   0x0000000000000000      0x208
 .debug_ranges  0x0000000000000000       0x18 ./system/src/newlib/_exit.o
 .debug_ranges  0x0000000000000018       0x10 ./system/src/newlib/_sbrk.o
 .debug_ranges  0x0000000000000028       0x30 ./system/src/newlib/_startup.o
 .debug_ranges  0x0000000000000058       0x20 ./system/src/newlib/_syscalls.o
 .debug_ranges  0x0000000000000078       0x28 ./system/src/diag/Trace.o
 .debug_ranges  0x00000000000000a0       0x38 ./system/src/diag/trace_impl.o
 .debug_ranges  0x00000000000000d8       0x18 ./system/src/cortexm/_initialize_hardware.o
 .debug_ranges  0x00000000000000f0       0x98 ./system/src/cortexm/exception_handlers.o
 .debug_ranges  0x0000000000000188       0x20 ./system/src/cmsis/startup_stm32f103xb.o
 .debug_ranges  0x00000000000001a8       0x18 ./system/src/cmsis/system_stm32f1xx.o
 .debug_ranges  0x00000000000001c0       0x10 ./system/src/cmsis/vectors_stm32f1xx.o
 .debug_ranges  0x00000000000001d0       0x28 ./src/Timer.o
 .debug_ranges  0x00000000000001f8       0x10 ./src/main.o

.debug_macro    0x0000000000000000     0x1f02
 .debug_macro   0x0000000000000000      0x1ae ./system/src/newlib/_exit.o
 .debug_macro   0x00000000000001ae      0x10e ./system/src/newlib/_exit.o
 .debug_macro   0x00000000000002bc       0x8d ./system/src/newlib/_exit.o
 .debug_macro   0x0000000000000349       0x35 ./system/src/newlib/_exit.o
 .debug_macro   0x000000000000037e      0x163 ./system/src/newlib/_sbrk.o
 .debug_macro   0x00000000000004e1      0x174 ./system/src/newlib/_sbrk.o
 .debug_macro   0x0000000000000655       0x10 ./system/src/newlib/_sbrk.o
 .debug_macro   0x0000000000000665      0x23b ./system/src/newlib/_sbrk.o
 .debug_macro   0x00000000000008a0      0x15f ./system/src/newlib/_startup.o
 .debug_macro   0x00000000000009ff      0x220 ./system/src/newlib/_syscalls.o
 .debug_macro   0x0000000000000c1f       0x1c ./system/src/newlib/_syscalls.o
 .debug_macro   0x0000000000000c3b       0x10 ./system/src/newlib/_syscalls.o
 .debug_macro   0x0000000000000c4b       0x10 ./system/src/newlib/_syscalls.o
 .debug_macro   0x0000000000000c5b       0x10 ./system/src/newlib/_syscalls.o
 .debug_macro   0x0000000000000c6b       0x35 ./system/src/newlib/_syscalls.o
 .debug_macro   0x0000000000000ca0      0x12c ./system/src/newlib/_syscalls.o
 .debug_macro   0x0000000000000dcc       0xce ./system/src/newlib/_syscalls.o
 .debug_macro   0x0000000000000e9a       0x7c ./system/src/newlib/_syscalls.o
 .debug_macro   0x0000000000000f16       0x17 ./system/src/newlib/_syscalls.o
 .debug_macro   0x0000000000000f2d      0x118 ./system/src/newlib/_syscalls.o
 .debug_macro   0x0000000000001045      0x189 ./system/src/newlib/_syscalls.o
 .debug_macro   0x00000000000011ce       0x16 ./system/src/newlib/_syscalls.o
 .debug_macro   0x00000000000011e4      0x1f5 ./system/src/diag/Trace.o
 .debug_macro   0x00000000000013d9       0x4c ./system/src/diag/Trace.o
 .debug_macro   0x0000000000001425       0x16 ./system/src/diag/Trace.o
 .debug_macro   0x000000000000143b      0x1e5 ./system/src/diag/trace_impl.o
 .debug_macro   0x0000000000001620       0x10 ./system/src/diag/trace_impl.o
 .debug_macro   0x0000000000001630       0xcf ./system/src/diag/trace_impl.o
 .debug_macro   0x00000000000016ff       0x20 ./system/src/diag/trace_impl.o
 .debug_macro   0x000000000000171f       0xbe ./system/src/diag/trace_impl.o
 .debug_macro   0x00000000000017dd       0x22 ./system/src/diag/trace_impl.o
 .debug_macro   0x00000000000017ff       0x8a ./system/src/cortexm/_initialize_hardware.o
 .debug_macro   0x0000000000001889      0x23d ./system/src/cortexm/exception_handlers.o
 .debug_macro   0x0000000000001ac6       0x3b ./system/src/cortexm/exception_handlers.o
 .debug_macro   0x0000000000001b01       0x10 ./system/src/cortexm/exception_handlers.o
 .debug_macro   0x0000000000001b11       0x92 ./system/src/cmsis/system_stm32f1xx.o
 .debug_macro   0x0000000000001ba3       0x34 ./system/src/cmsis/vectors_stm32f1xx.o
 .debug_macro   0x0000000000001bd7       0xa3 ./src/Timer.o
 .debug_macro   0x0000000000001c7a       0x10 ./src/Timer.o
 .debug_macro   0x0000000000001c8a      0x278 ./src/main.o
